// Jest Snapshot v1, https://goo.gl/fbAQLP

exports[`Header should match snapshot 1`] = `
<Fragment>
  <header>
    <a
      className="logoContainer"
      href="/"
    >
      <ForwardRef(SvgLogo) />
    </a>
    <button
      className="menuButton"
      onClick={[Function]}
    >
      <ForwardRef(SvgMenu)
        className="icon"
        onClick={[Function]}
      />
    </button>
    <div
      className="authButtons"
    >
      <LinkButton
        data-test="Header-sign-in"
        href="/sign-in"
        primary={false}
      >
        Sign In
      </LinkButton>
      <LinkButton
        data-test="Header-create-an-account"
        href="/create-an-account"
        primary={true}
      >
        Create an Account
      </LinkButton>
    </div>
  </header>
  <dialog
    aria-hidden={true}
    className="menu"
  >
    <button
      onClick={[Function]}
    >
      <ForwardRef(SvgExit)
        className="icon"
      />
    </button>
    <div
      className="menuItems"
    >
      <LinkButton
        data-test="Header-sign-in"
        href="/sign-in"
        primary={false}
      >
        Sign In
      </LinkButton>
      <LinkButton
        data-test="Header-create-an-account"
        href="/create-an-account"
        primary={true}
      >
        Create an Account
      </LinkButton>
    </div>
  </dialog>
</Fragment>
`;
